Copyright 1986-2018 Xilinx, Inc. All Rights Reserved.
------------------------------------------------------------------------------------
| Tool Version : Vivado v.2018.2 (win64) Build 2258646 Thu Jun 14 20:03:12 MDT 2018
| Date         : Fri Dec  5 10:05:38 2025
| Host         : myDELL running 64-bit major release  (build 9200)
| Command      : report_control_sets -verbose -file top_v2_control_sets_placed.rpt
| Design       : top_v2
| Device       : xc7z020
------------------------------------------------------------------------------------

Control Set Information

Table of Contents
-----------------
1. Summary
2. Histogram
3. Flip-Flop Distribution
4. Detailed Control Set Information

1. Summary
----------

+----------------------------------------------------------+-------+
|                          Status                          | Count |
+----------------------------------------------------------+-------+
| Number of unique control sets                            |    41 |
| Unused register locations in slices containing registers |   144 |
+----------------------------------------------------------+-------+


2. Histogram
------------

+--------+--------------+
| Fanout | Control Sets |
+--------+--------------+
|      2 |           11 |
|      4 |            2 |
|      6 |            2 |
|      8 |            1 |
|     10 |            2 |
|     12 |            1 |
|     14 |            8 |
|    16+ |           14 |
+--------+--------------+


3. Flip-Flop Distribution
-------------------------

+--------------+-----------------------+------------------------+-----------------+--------------+
| Clock Enable | Synchronous Set/Reset | Asynchronous Set/Reset | Total Registers | Total Slices |
+--------------+-----------------------+------------------------+-----------------+--------------+
| No           | No                    | No                     |               2 |            1 |
| No           | No                    | Yes                    |              68 |           25 |
| No           | Yes                   | No                     |               0 |            0 |
| Yes          | No                    | No                     |               0 |            0 |
| Yes          | No                    | Yes                    |             666 |          112 |
| Yes          | Yes                   | No                     |              40 |            5 |
+--------------+-----------------------+------------------------+-----------------+--------------+


4. Detailed Control Set Information
-----------------------------------

+----------------+-------------------------------------------------------------+--------------------------------------------------+------------------+----------------+
|  Clock Signal  |                        Enable Signal                        |                 Set/Reset Signal                 | Slice Load Count | Bel Load Count |
+----------------+-------------------------------------------------------------+--------------------------------------------------+------------------+----------------+
|  clk_IBUF_BUFG |                                                             |                                                  |                1 |              2 |
|  clk_IBUF_BUFG | nrf_controller/spi_master_inst/E[4]                         | nrf_controller/spi_master_inst/data_out_reg[7]_0 |                1 |              2 |
|  clk_IBUF_BUFG | nrf_controller/spi_master_inst/E[3]                         | nrf_controller/spi_master_inst/data_out_reg[7]_0 |                1 |              2 |
|  clk_IBUF_BUFG | nrf_controller/spi_master_inst/spi_mosi_i_1_n_0             | nrf_controller/spi_master_inst/spi_mosi_reg_0    |                1 |              2 |
|  clk_IBUF_BUFG | nrf_controller/spi_master_inst/data_out[7]_i_1_n_0          | nrf_controller/spi_master_inst/spi_mosi_reg_0    |                1 |              2 |
|  clk_IBUF_BUFG | nrf_controller/nrf_csn0                                     | nrf_controller/nrf_ce_reg_0                      |                1 |              2 |
|  clk_IBUF_BUFG | nrf_controller/nrf_ce0                                      | nrf_controller/nrf_ce_reg_0                      |                1 |              2 |
|  clk_IBUF_BUFG | nrf_controller/payload_ready                                | nrf_controller/nrf_ce_reg_0                      |                1 |              2 |
|  clk_IBUF_BUFG | nrf_controller/spi_master_inst/E[0]                         | nrf_controller/spi_master_inst/data_out_reg[7]_0 |                1 |              2 |
|  clk_IBUF_BUFG | nrf_controller/spi_master_inst/E[2]                         | nrf_controller/spi_master_inst/data_out_reg[7]_0 |                1 |              2 |
|  clk_IBUF_BUFG | nrf_controller/spi_master_inst/E[1]                         | nrf_controller/spi_master_inst/data_out_reg[7]_0 |                1 |              2 |
|  clk_IBUF_BUFG | nrf_controller/spi_master_inst/payload_byte_index_reg[0][0] | nrf_controller/spi_master_inst/spi_mosi_reg_0    |                2 |              4 |
|  clk_IBUF_BUFG | nrf_controller/spi_master_inst/payload_byte_index_reg[0][0] | nrf_controller/spi_master_inst/data_out_reg[7]_0 |                1 |              4 |
|  clk_IBUF_BUFG | nrf_controller/spi_master_inst/next_after_csn_reg[0][0]     | nrf_controller/spi_master_inst/spi_mosi_reg_0    |                1 |              6 |
|  clk_IBUF_BUFG | nrf_controller/spi_master_inst/next_after_csn_reg[0][0]     | nrf_controller/spi_master_inst/data_out_reg[7]_0 |                2 |              6 |
|  clk_IBUF_BUFG | nrf_controller/spi_master_inst/bit_counter[3]_i_1_n_0       | nrf_controller/spi_master_inst/data_out_reg[7]_0 |                2 |              8 |
|  clk_IBUF_BUFG | nrf_controller/payload_ready                                | nrf_controller/spi_master_inst/data_out_reg[7]_0 |                3 |             10 |
|  clk_IBUF_BUFG | nrf_controller/rx_poll_counter[23]_i_1_n_0                  | nrf_controller/spi_master_inst/spi_mosi_reg_0    |                1 |             10 |
|  clk_IBUF_BUFG |                                                             | nrf_controller/spi_master_inst/spi_mosi_reg_0    |                4 |             12 |
|  clk_IBUF_BUFG | nrf_controller/spi_master_inst/tx_shift                     | nrf_controller/spi_master_inst/data_out_reg[7]_0 |                2 |             14 |
|  clk_IBUF_BUFG | nrf_controller/spi_master_inst/E[2]                         | nrf_controller/spi_master_inst/spi_mosi_reg_0    |                3 |             14 |
|  clk_IBUF_BUFG | nrf_controller/spi_master_inst/data_out[7]_i_1_n_0          | nrf_controller/spi_master_inst/data_out_reg[7]_0 |                1 |             14 |
|  clk_IBUF_BUFG | nrf_controller/spi_master_inst/E[1]                         | nrf_controller/spi_master_inst/spi_mosi_reg_0    |                2 |             14 |
|  clk_IBUF_BUFG | nrf_controller/spi_master_inst/E[4]                         | nrf_controller/spi_master_inst/spi_mosi_reg_0    |                1 |             14 |
|  clk_IBUF_BUFG | nrf_controller/spi_master_inst/E[0]                         | nrf_controller/spi_master_inst/spi_mosi_reg_0    |                1 |             14 |
|  clk_IBUF_BUFG | nrf_controller/spi_master_inst/E[3]                         | nrf_controller/spi_master_inst/spi_mosi_reg_0    |                4 |             14 |
|  clk_IBUF_BUFG | nrf_controller/spi_master_inst/rx_shift                     | nrf_controller/spi_master_inst/data_out_reg[7]_0 |                2 |             14 |
|  clk_IBUF_BUFG | nrf_controller/spi_start                                    | nrf_controller/spi_master_inst/data_out_reg[7]_0 |                7 |             16 |
|  clk_IBUF_BUFG | nrf_controller/spi_master_inst/E[5]                         | nrf_controller/spi_master_inst/spi_mosi_reg_0    |                4 |             16 |
|  clk_IBUF_BUFG | startup_counter[8]_i_1_n_0                                  | nrf_controller/spi_master_inst/data_out_reg[7]_0 |                3 |             18 |
|  clk_IBUF_BUFG |                                                             | nrf_controller/nrf_ce_reg_0                      |                9 |             20 |
|  clk_IBUF_BUFG |                                                             | nrf_controller/spi_master_inst/data_out_reg[7]_0 |               12 |             36 |
|  clk_IBUF_BUFG | nrf_controller/rx_poll_counter[23]_i_1_n_0                  | nrf_controller/spi_master_inst/data_out_reg[7]_0 |                5 |             38 |
|  clk_IBUF_BUFG | sel                                                         | reset_btn_IBUF                                   |                5 |             40 |
|  clk_IBUF_BUFG | nrf_controller/spi_master_inst/delay_counter_reg[0][0]      | nrf_controller/spi_master_inst/spi_mosi_reg_0    |                8 |             40 |
|  clk_IBUF_BUFG | nrf_controller/led0_counter_reg_0_sn_1                      | nrf_controller/nrf_ce_reg_0                      |                7 |             54 |
|  clk_IBUF_BUFG | payload_assembler_inst/led1_counter_reg_0_sn_1              | nrf_controller/nrf_ce_reg_0                      |                7 |             54 |
|  clk_IBUF_BUFG | payload_assembler_inst/led2_counter_reg_0_sn_1              | nrf_controller/nrf_ce_reg_0                      |                7 |             54 |
|  clk_IBUF_BUFG | payload_assembler_inst/led3_counter_reg_0_sn_1              | nrf_controller/nrf_ce_reg_0                      |                7 |             54 |
|  clk_IBUF_BUFG | nrf_controller/spi_master_inst/watchdog_counter_reg[0][0]   | nrf_controller/spi_master_inst/data_out_reg[7]_0 |                7 |             58 |
|  clk_IBUF_BUFG | nrf_controller/payload_ready                                | nrf_controller/spi_master_inst/spi_mosi_reg_0    |               12 |             84 |
+----------------+-------------------------------------------------------------+--------------------------------------------------+------------------+----------------+


